[ourawakawakak.tumblr.com/index.html]
[backblue.gif]
[fade.gif]
[index.html]
[assets.tumblr.com/assets/scripts/pre_tumblelogd70f.js]
[ajax.googleapis.com/ajax/libs/jquery/1.11.2/jquery.min.js]
[assets.tumblr.com/client/prod/standalone/blog-network-npf/index.buildf3ca.css]
[static.tumblr.com/n3p2fdg/23bnlazd2/icons.css]
[static.tumblr.com/092fdbdcbfe84d215bc8d8c5e084784a/0mvwcmi/POKpvblwd/tumblr_static_e8anonvybj4k800gw4gswogoo.jpg]
[static.tumblr.com/ztelplt/tJnn9flbw/search.png]
[static.tumblr.com/ztelplt/sHKn9fqqu/loading.gif]
[ourawakawakak.tumblr.com/rss]
[ourawakawakak.tumblr.com/android-app_/com.tumblr/tumblr/x-callback-url/blog.8aab9.delayed]
[ourawakawakak.tumblr.com/ios-app_/305343404/tumblr/x-callback-url/blogaab9]
[s0.wp.com/wp-content/js/bilmur.mine612.js]
[assets.tumblr.com/assets/scripts/tumblelog_post_message_queue38df.js]
[assets.tumblr.com/fonts/gibson/stylesheet30f4.css]
[64.media.tumblr.com/57b7f838f75cca797a970380e6707143/e4f9eca56129abd7-e3/s2048x3072/tumblr_57b7f838f75cca797a970380e6707143_205945fc_2048.png]
[ourawakawakak.tumblr.com/post/186800128144/introducción.html]
[64.media.tumblr.com/10d962311526f00c83121097187eb55b/0f877042a6100d76-65/s500x750/tumblr_10d962311526f00c83121097187eb55b_907efeaf_500.png]
[64.media.tumblr.com/80cc5ea3f1fec35cf1d48c47f4e239a7/tumblr_pvbm35ghqY1vjskkjo1_1280.jpg]
[ourawakawakak.tumblr.com/image/186592242414.html]
[ourawakawakak.tumblr.com/post/186592242414/marco-general-del-ecomapa-de-redes-focales-para.html]
[64.media.tumblr.com/b5a3b22afcac1cc0d7e664d8ff584c98/tumblr_pvbm0bajqU1vjskkjo1_1280.jpg]
[ourawakawakak.tumblr.com/image/186592208464.html]
[ourawakawakak.tumblr.com/post/186592208464/marco-general-del-ecomapa-de-redes-focales-para.html]
[static.tumblr.com/xdfupan/wtRnlgd22/themelantic.js]
[ourawakawakak.tumblr.com/analytics.html]
[securepubads.g.doubleclick.net/tag/js/f.txt]
[ourawakawakak.tumblr.com/index.html]
[assets.tumblr.com/client/prod/standalone/blog-network-npf/index.buildf3ca.css]
[static.tumblr.com/n3p2fdg/23bnlazd2/icons.css]
[ourawakawakak.tumblr.com/android-app_/com.tumblr/tumblr/x-callback-url/blogaab9.html]
[ourawakawakak.tumblr.com/ios-app_/305343404/tumblr/x-callback-url/blogaab9.html]
[assets.tumblr.com/client/prod/standalone/tumblelog/index.build7f02.js]
[assets.tumblr.com/fonts/gibson/Gibson-Regular-webfonteccb.eot]
[assets.tumblr.com/fonts/gibson/Gibson-Regular-webfont95c6.eot]
[assets.tumblr.com/fonts/gibson/Gibson-Regular-webfonteccb.woff]
[assets.tumblr.com/fonts/gibson/Gibson-Regular-webfonteccb.ttf]
[assets.tumblr.com/fonts/gibson/Gibson-Regular-webfonteccb.svg]
[assets.tumblr.com/fonts/gibson/Gibson-SemiBold-webfonteccb.eot]
[assets.tumblr.com/fonts/gibson/Gibson-SemiBold-webfont95c6.eot]
[assets.tumblr.com/fonts/gibson/Gibson-SemiBold-webfonteccb.woff]
[assets.tumblr.com/fonts/gibson/Gibson-SemiBold-webfonteccb.ttf]
[assets.tumblr.com/fonts/gibson/Gibson-SemiBold-webfonteccb.svg]
[assets.tumblr.com/fonts/gibson/Gibson-Italic-webfonteccb.eot]
[assets.tumblr.com/fonts/gibson/Gibson-Italic-webfont95c6.eot]
[assets.tumblr.com/fonts/gibson/Gibson-Italic-webfonteccb.woff]
[assets.tumblr.com/fonts/gibson/Gibson-Italic-webfonteccb.ttf]
[assets.tumblr.com/fonts/gibson/Gibson-Italic-webfonteccb.svg]
[assets.tumblr.com/fonts/gibson/Gibson-SemiBoldItalic-webfonteccb.eot]
[assets.tumblr.com/fonts/gibson/Gibson-SemiBoldItalic-webfont95c6.eot]
[assets.tumblr.com/fonts/gibson/Gibson-SemiBoldItalic-webfonteccb.woff]
[assets.tumblr.com/fonts/gibson/Gibson-SemiBoldItalic-webfonteccb.ttf]
[assets.tumblr.com/fonts/gibson/stylesheet30f4.css]
[assets.tumblr.com/fonts/gibson/Gibson-SemiBoldItalic-webfonteccb.svg]
[ourawakawakak.tumblr.com/post/186800128144/android-app_/com.tumblr/tumblr/x-callback-url/blog560c]
[ourawakawakak.tumblr.com/post/186800128144/ios-app_/305343404/tumblr/x-callback-url/blog1393]
[ourawakawakak.tumblr.com/post/186800128144/introducción.html]
[ourawakawakak.tumblr.com/post/186800128144/introducción/amp.html]
[assets.tumblr.com/pop/manifest/apple-touch-icon-f8ea2554.png]
[ourawakawakak.tumblr.com/image/'https_/www.webpay.cl/assets/img/boton_webpaycl.svg']
[assets.tumblr.com/pop/css/main-618ed61b.css]
[assets.tumblr.com/pop/5196-db7a24c1.css]
[ourawakawakak.tumblr.com/image/186592242414.html]
[assets.tumblr.com/pop/image-page-1a3069eb.css]
[cdn.parsely.com/keys/tumblr.com/p.js]
[ourawakawakak.tumblr.com/post/186592242414/android-app_/com.tumblr/tumblr/x-callback-url/blogf393]
[ourawakawakak.tumblr.com/post/186592242414/ios-app_/305343404/tumblr/x-callback-url/blog8427]
[ourawakawakak.tumblr.com/post/186592242414/marco-general-del-ecomapa-de-redes-focales-para.html]
[ourawakawakak.tumblr.com/image/186592208464.html]
[ourawakawakak.tumblr.com/post/186592242414/marco-general-del-ecomapa-de-redes-focales-para/amp.html]
[ourawakawakak.tumblr.com/post/186592208464/android-app_/com.tumblr/tumblr/x-callback-url/blog.3b73b5.delayed]
[ourawakawakak.tumblr.com/post/186592208464/ios-app_/305343404/tumblr/x-callback-url/blog530b]
[ourawakawakak.tumblr.com/post/186592208464/marco-general-del-ecomapa-de-redes-focales-para.html]
[ourawakawakak.tumblr.com/post/186592208464/marco-general-del-ecomapa-de-redes-focales-para/amp.html]
[ourawakawakak.tumblr.com/Popover requires tooltip.js]
[static.tumblr.com/xdfupan/wtRnlgd22/themelantic.js]
[ourawakawakak.tumblr.com/analytics.html]
[assets.tumblr.com/fonts/gibson/Gibson-Regular-webfonteccb.svg]
[assets.tumblr.com/fonts/gibson/Gibson-SemiBold-webfonteccb.svg]
[assets.tumblr.com/fonts/gibson/Gibson-Italic-webfonteccb.svg]
[assets.tumblr.com/fonts/gibson/Gibson-SemiBoldItalic-webfonteccb.svg]
[ourawakawakak.tumblr.com/post/186800128144/android-app_/com.tumblr/tumblr/x-callback-url/blog560c.html]
[ourawakawakak.tumblr.com/post/186800128144/ios-app_/305343404/tumblr/x-callback-url/blog1393.html]
[ourawakawakak.tumblr.com/post/186800128144/introducción/amp.html]
[ourawakawakak.tumblr.com/image/'https_/www.webpay.cl/assets/img/boton_webpaycl.html]
[assets.tumblr.com/pop/css/main-618ed61b.css]
[assets.tumblr.com/pop/src/assets/images/avatar/anonymous_avatar_40-3af33dc0.png]
[assets.tumblr.com/pop/src/assets/images/avatar/anonymous_avatar_96-223fabe0.png]
[assets.tumblr.com/pop/5196-db7a24c1.css]
[assets.tumblr.com/pop/image-page-1a3069eb.css]
[ourawakawakak.tumblr.com/post/186592242414/android-app_/com.tumblr/tumblr/x-callback-url/blogf393.html]
[ourawakawakak.tumblr.com/post/186592242414/ios-app_/305343404/tumblr/x-callback-url/blog8427.html]
[cdn.ampproject.org/v0.js]
[cdn.ampproject.org/v0/amp-analytics-0.1.js]
[cdn.ampproject.org/v0/amp-iframe-0.1.js]
[ourawakawakak.tumblr.com/fonts/tumblr-icons/tumblr-icons_8a421f9ad671642549106ef53964c83932fb.eot]
[ourawakawakak.tumblr.com/fonts/tumblr-icons/tumblr-icons_8a421f9ad671642549106ef53964c839fcf8.woff2]
[ourawakawakak.tumblr.com/fonts/tumblr-icons/tumblr-icons_8a421f9ad671642549106ef53964c839d461.woff]
[ourawakawakak.tumblr.com/fonts/tumblr-icons/tumblr-icons_8a421f9ad671642549106ef53964c8391397.ttf]
[ourawakawakak.tumblr.com/fonts/tumblr-icons/tumblr-icons_8a421f9ad671642549106ef53964c8399434.svg]
[64.media.tumblr.com/68f67b7fb8a82aebb0c1413f15762001/e4f9eca56129abd7-be/s2048x3072/tumblr_68f67b7fb8a82aebb0c1413f15762001_e7a2f997_2048.png]
[ourawakawakak.tumblr.com/archive.html]
[ourawakawakak.tumblr.com/post/186592242414/marco-general-del-ecomapa-de-redes-focales-para/amp.html]
[ourawakawakak.tumblr.com/post/186592208464/android-app_/com.tumblr/tumblr/x-callback-url/blog73b5.html]
[ourawakawakak.tumblr.com/post/186592208464/ios-app_/305343404/tumblr/x-callback-url/blog530b.html]
[ourawakawakak.tumblr.com/index2e13.html]
[ourawakawakak.tumblr.com/post/186592208464/marco-general-del-ecomapa-de-redes-focales-para/amp.html]
[ourawakawakak.tumblr.com/Popover requires tooltip.html]
[ourawakawakak.tumblr.com/fonts/tumblr-icons/tumblr-icons_8a421f9ad671642549106ef53964c8399434.svg]
[ourawakawakak.tumblr.com/'https_/www.webpay.cl/assets/img/boton_webpaycl.svg']
[ourawakawakak.tumblr.com/archive.html]
[ourawakawakak.tumblr.com/index2e13.html]
[ourawakawakak.tumblr.com/'https_/www.webpay.cl/assets/img/boton_webpaycl.html]
[assets.tumblr.com/pop/archive-page-245a6d18.css]
[assets.tumblr.com/pop/archive-page-245a6d18.css]
